ackermann en 2 350 es 703
ackermann en 3 5 es 253
ackermann en 3 7 es 1021
ackermann en 4 0 es 13
