suma 150 + 163 = 313
multiplicacion 55 * 37 = 2035
factorial de 7 = 5040
fibonacci de 10 = 55
